[2026-07-10T12:36:47.606Z] ERROR: language override unsupported: Bengali
Stack: MongoServerError: language override unsupported: Bengali
    at InsertOneOperation.handleOk (C:\Users\dhay6\Desktop\Lekhak-Tripura\Server\node_modules\mongodb\lib\operations\insert.js:51:19)
    at tryOperation (C:\Users\dhay6\Desktop\Lekhak-Tripura\Server\node_modules\mongodb\lib\operations\execute_operation.js:214:34)
    at process.processTicksAndRejections (node:internal/process/task_queues:105:5)
    at async executeOperation (C:\Users\dhay6\Desktop\Lekhak-Tripura\Server\node_modules\mongodb\lib\operations\execute_operation.js:78:16)
    at async Collection.insertOne (C:\Users\dhay6\Desktop\Lekhak-Tripura\Server\node_modules\mongodb\lib\collection.js:154:16)

[2026-07-10T12:37:32.448Z] ERROR: language override unsupported: Bengali
Stack: MongoServerError: language override unsupported: Bengali
    at InsertOneOperation.handleOk (C:\Users\dhay6\Desktop\Lekhak-Tripura\Server\node_modules\mongodb\lib\operations\insert.js:51:19)
    at tryOperation (C:\Users\dhay6\Desktop\Lekhak-Tripura\Server\node_modules\mongodb\lib\operations\execute_operation.js:214:34)
    at process.processTicksAndRejections (node:internal/process/task_queues:105:5)
    at async executeOperation (C:\Users\dhay6\Desktop\Lekhak-Tripura\Server\node_modules\mongodb\lib\operations\execute_operation.js:78:16)
    at async Collection.insertOne (C:\Users\dhay6\Desktop\Lekhak-Tripura\Server\node_modules\mongodb\lib\collection.js:154:16)

[2026-07-11T03:15:05.123Z] ERROR: Author validation failed: bio: Path `bio` (`Ritvikk Chakraborty is the Fou...`, length 2346) is longer than the maximum allowed length (600).
Stack: ValidationError: Author validation failed: bio: Path `bio` (`Ritvikk Chakraborty is the Fou...`, length 2346) is longer than the maximum allowed length (600).
    at Document.invalidate (C:\Users\dhay6\Desktop\Lekhak-Tripura\Server\node_modules\mongoose\lib\document.js:3387:32)
    at C:\Users\dhay6\Desktop\Lekhak-Tripura\Server\node_modules\mongoose\lib\document.js:3148:17
    at C:\Users\dhay6\Desktop\Lekhak-Tripura\Server\node_modules\mongoose\lib\schemaType.js:1443:9
    at process.processTicksAndRejections (node:internal/process/task_queues:85:11)

[2026-07-11T03:15:51.624Z] ERROR: Author validation failed: bio: Path `bio` (`Ritvikk Chakraborty is the Fou...`, length 2346) is longer than the maximum allowed length (600).
Stack: ValidationError: Author validation failed: bio: Path `bio` (`Ritvikk Chakraborty is the Fou...`, length 2346) is longer than the maximum allowed length (600).
    at Document.invalidate (C:\Users\dhay6\Desktop\Lekhak-Tripura\Server\node_modules\mongoose\lib\document.js:3387:32)
    at C:\Users\dhay6\Desktop\Lekhak-Tripura\Server\node_modules\mongoose\lib\document.js:3148:17
    at C:\Users\dhay6\Desktop\Lekhak-Tripura\Server\node_modules\mongoose\lib\schemaType.js:1443:9
    at process.processTicksAndRejections (node:internal/process/task_queues:85:11)

[2026-07-15T05:58:45.842Z] ERROR: Category validation failed: slug: Path `slug` is required.
Stack: ValidationError: Category validation failed: slug: Path `slug` is required.
    at Document.invalidate (C:\Users\dhay6\Desktop\Lekhak-Tripura\Server\node_modules\mongoose\lib\document.js:3387:32)
    at C:\Users\dhay6\Desktop\Lekhak-Tripura\Server\node_modules\mongoose\lib\document.js:3148:17
    at C:\Users\dhay6\Desktop\Lekhak-Tripura\Server\node_modules\mongoose\lib\schemaType.js:1443:9
    at process.processTicksAndRejections (node:internal/process/task_queues:85:11)

[2026-07-15T05:59:10.762Z] ERROR: Category validation failed: slug: Path `slug` is required.
Stack: ValidationError: Category validation failed: slug: Path `slug` is required.
    at Document.invalidate (C:\Users\dhay6\Desktop\Lekhak-Tripura\Server\node_modules\mongoose\lib\document.js:3387:32)
    at C:\Users\dhay6\Desktop\Lekhak-Tripura\Server\node_modules\mongoose\lib\document.js:3148:17
    at C:\Users\dhay6\Desktop\Lekhak-Tripura\Server\node_modules\mongoose\lib\schemaType.js:1443:9
    at process.processTicksAndRejections (node:internal/process/task_queues:85:11)

[2026-08-05T18:33:02.070Z] ERROR: connection <monitor> to 159.143.161.58:27017 closed
Stack: MongoServerSelectionError: connection <monitor> to 159.143.161.58:27017 closed
    at Topology.selectServer (C:\Users\dhay6\Desktop\Lekhak-Tripura\Server\node_modules\mongodb\lib\sdam\topology.js:327:38)
    at runNextTicks (node:internal/process/task_queues:65:5)
    at listOnTimeout (node:internal/timers:549:9)
    at process.processTimers (node:internal/timers:523:7)
    at async tryOperation (C:\Users\dhay6\Desktop\Lekhak-Tripura\Server\node_modules\mongodb\lib\operations\execute_operation.js:148:18)
    at async executeOperation (C:\Users\dhay6\Desktop\Lekhak-Tripura\Server\node_modules\mongodb\lib\operations\execute_operation.js:78:16)
    at async AggregationCursor._initialize (C:\Users\dhay6\Desktop\Lekhak-Tripura\Server\node_modules\mongodb\lib\cursor\aggregation_cursor.js:57:26)
    at async AggregationCursor.cursorInit (C:\Users\dhay6\Desktop\Lekhak-Tripura\Server\node_modules\mongodb\lib\cursor\abstract_cursor.js:632:27)
    at async AggregationCursor.fetchBatch (C:\Users\dhay6\Desktop\Lekhak-Tripura\Server\node_modules\mongodb\lib\cursor\abstract_cursor.js:666:13)
    at async AggregationCursor.next (C:\Users\dhay6\Desktop\Lekhak-Tripura\Server\node_modules\mongodb\lib\cursor\abstract_cursor.js:342:17)

[2026-08-05T18:33:02.087Z] ERROR: connection <monitor> to 159.143.161.58:27017 closed
Stack: MongoServerSelectionError: connection <monitor> to 159.143.161.58:27017 closed
    at Topology.selectServer (C:\Users\dhay6\Desktop\Lekhak-Tripura\Server\node_modules\mongodb\lib\sdam\topology.js:327:38)
    at runNextTicks (node:internal/process/task_queues:65:5)
    at listOnTimeout (node:internal/timers:549:9)
    at process.processTimers (node:internal/timers:523:7)
    at async tryOperation (C:\Users\dhay6\Desktop\Lekhak-Tripura\Server\node_modules\mongodb\lib\operations\execute_operation.js:148:18)
    at async executeOperation (C:\Users\dhay6\Desktop\Lekhak-Tripura\Server\node_modules\mongodb\lib\operations\execute_operation.js:78:16)
    at async AggregationCursor._initialize (C:\Users\dhay6\Desktop\Lekhak-Tripura\Server\node_modules\mongodb\lib\cursor\aggregation_cursor.js:57:26)
    at async AggregationCursor.cursorInit (C:\Users\dhay6\Desktop\Lekhak-Tripura\Server\node_modules\mongodb\lib\cursor\abstract_cursor.js:632:27)
    at async AggregationCursor.fetchBatch (C:\Users\dhay6\Desktop\Lekhak-Tripura\Server\node_modules\mongodb\lib\cursor\abstract_cursor.js:666:13)
    at async AggregationCursor.next (C:\Users\dhay6\Desktop\Lekhak-Tripura\Server\node_modules\mongodb\lib\cursor\abstract_cursor.js:342:17)

[2026-08-10T14:46:39.414Z] ERROR: undefined
Stack: undefined

[2026-08-16T15:12:31.387Z] ERROR: connection <monitor> to 159.143.161.83:27017 closed
Stack: MongoServerSelectionError: connection <monitor> to 159.143.161.83:27017 closed
    at Topology.selectServer (C:\Users\dhay6\Desktop\Lekhak-Tripura\Server\node_modules\mongodb\lib\sdam\topology.js:327:38)
    at async tryOperation (C:\Users\dhay6\Desktop\Lekhak-Tripura\Server\node_modules\mongodb\lib\operations\execute_operation.js:196:22)
    at async executeOperation (C:\Users\dhay6\Desktop\Lekhak-Tripura\Server\node_modules\mongodb\lib\operations\execute_operation.js:78:16)
    at async FindCursor._initialize (C:\Users\dhay6\Desktop\Lekhak-Tripura\Server\node_modules\mongodb\lib\cursor\find_cursor.js:62:26)
    at async FindCursor.cursorInit (C:\Users\dhay6\Desktop\Lekhak-Tripura\Server\node_modules\mongodb\lib\cursor\abstract_cursor.js:632:27)
    at async FindCursor.fetchBatch (C:\Users\dhay6\Desktop\Lekhak-Tripura\Server\node_modules\mongodb\lib\cursor\abstract_cursor.js:666:13)
    at async FindCursor.next (C:\Users\dhay6\Desktop\Lekhak-Tripura\Server\node_modules\mongodb\lib\cursor\abstract_cursor.js:342:17)
    at async [Symbol.asyncIterator] (C:\Users\dhay6\Desktop\Lekhak-Tripura\Server\node_modules\mongodb\lib\cursor\abstract_cursor.js:250:34)
    at async FindCursor.toArray (C:\Users\dhay6\Desktop\Lekhak-Tripura\Server\node_modules\mongodb\lib\cursor\abstract_cursor.js:422:26)
    at async model.Query._find (C:\Users\dhay6\Desktop\Lekhak-Tripura\Server\node_modules\mongoose\lib\query.js:2430:14)

[2026-08-16T15:12:53.538Z] ERROR: getaddrinfo ENOTFOUND ac-ohf5zj4-shard-00-02.mnjq8yg.mongodb.net
Stack: MongoServerSelectionError: getaddrinfo ENOTFOUND ac-ohf5zj4-shard-00-02.mnjq8yg.mongodb.net
    at Topology.selectServer (C:\Users\dhay6\Desktop\Lekhak-Tripura\Server\node_modules\mongodb\lib\sdam\topology.js:327:38)
    at async tryOperation (C:\Users\dhay6\Desktop\Lekhak-Tripura\Server\node_modules\mongodb\lib\operations\execute_operation.js:148:18)
    at async executeOperation (C:\Users\dhay6\Desktop\Lekhak-Tripura\Server\node_modules\mongodb\lib\operations\execute_operation.js:78:16)
    at async FindCursor._initialize (C:\Users\dhay6\Desktop\Lekhak-Tripura\Server\node_modules\mongodb\lib\cursor\find_cursor.js:62:26)
    at async FindCursor.cursorInit (C:\Users\dhay6\Desktop\Lekhak-Tripura\Server\node_modules\mongodb\lib\cursor\abstract_cursor.js:632:27)
    at async FindCursor.fetchBatch (C:\Users\dhay6\Desktop\Lekhak-Tripura\Server\node_modules\mongodb\lib\cursor\abstract_cursor.js:666:13)
    at async FindCursor.next (C:\Users\dhay6\Desktop\Lekhak-Tripura\Server\node_modules\mongodb\lib\cursor\abstract_cursor.js:342:17)
    at async [Symbol.asyncIterator] (C:\Users\dhay6\Desktop\Lekhak-Tripura\Server\node_modules\mongodb\lib\cursor\abstract_cursor.js:250:34)
    at async FindCursor.toArray (C:\Users\dhay6\Desktop\Lekhak-Tripura\Server\node_modules\mongodb\lib\cursor\abstract_cursor.js:422:26)
    at async model.Query._find (C:\Users\dhay6\Desktop\Lekhak-Tripura\Server\node_modules\mongoose\lib\query.js:2430:14)

[2026-08-16T15:18:21.920Z] ERROR: getaddrinfo ENOTFOUND ac-ohf5zj4-shard-00-02.mnjq8yg.mongodb.net
Stack: MongoServerSelectionError: getaddrinfo ENOTFOUND ac-ohf5zj4-shard-00-02.mnjq8yg.mongodb.net
    at Topology.selectServer (C:\Users\dhay6\Desktop\Lekhak-Tripura\Server\node_modules\mongodb\lib\sdam\topology.js:327:38)
    at async tryOperation (C:\Users\dhay6\Desktop\Lekhak-Tripura\Server\node_modules\mongodb\lib\operations\execute_operation.js:148:18)
    at async executeOperation (C:\Users\dhay6\Desktop\Lekhak-Tripura\Server\node_modules\mongodb\lib\operations\execute_operation.js:78:16)
    at async FindCursor._initialize (C:\Users\dhay6\Desktop\Lekhak-Tripura\Server\node_modules\mongodb\lib\cursor\find_cursor.js:62:26)
    at async FindCursor.cursorInit (C:\Users\dhay6\Desktop\Lekhak-Tripura\Server\node_modules\mongodb\lib\cursor\abstract_cursor.js:632:27)
    at async FindCursor.fetchBatch (C:\Users\dhay6\Desktop\Lekhak-Tripura\Server\node_modules\mongodb\lib\cursor\abstract_cursor.js:666:13)
    at async FindCursor.next (C:\Users\dhay6\Desktop\Lekhak-Tripura\Server\node_modules\mongodb\lib\cursor\abstract_cursor.js:342:17)
    at async [Symbol.asyncIterator] (C:\Users\dhay6\Desktop\Lekhak-Tripura\Server\node_modules\mongodb\lib\cursor\abstract_cursor.js:250:34)
    at async FindCursor.toArray (C:\Users\dhay6\Desktop\Lekhak-Tripura\Server\node_modules\mongodb\lib\cursor\abstract_cursor.js:422:26)
    at async model.Query._find (C:\Users\dhay6\Desktop\Lekhak-Tripura\Server\node_modules\mongoose\lib\query.js:2430:14)

